ca65 V2.13.3 - (C) Copyright 1998-2012 Ullrich von Bassewitz
Main file   : slasher3c.asm
Current file: slasher3c.asm

000000r 1               ;----------------------------------------------
000000r 1               ;Tents puzzle game
000000r 1               ; Atom version by Kees van Oss  2023
000000r 1               ;----------------------------------------------
000000r 1               	.DEFINE asm_code $9600-2
000000r 1               	.DEFINE header   0		; Header Wouter Ras emulator
000000r 1               	.DEFINE filenaam "TENTS"
000000r 1               
000000r 1               .org asm_code-22*header
0095FE  1               
0095FE  1               .IF header
0095FE  1               ;********************************************************************
0095FE  1               ; ATM Header for Atom emulator Wouter Ras
0095FE  1               
0095FE  1               name_start:
0095FE  1               	.byte filenaam			; Filename
0095FE  1               name_end:
0095FE  1               	.repeat 16-name_end+name_start	; Fill with 0 till 16 chars
0095FE  1               	  .byte $0
0095FE  1               	.endrep
0095FE  1               
0095FE  1               	.word asm_code			; 2 bytes startaddress
0095FE  1               	.word exec			; 2 bytes linkaddress
0095FE  1               	.word eind_asm-start_asm	; 2 bytes filelength
0095FE  1               
0095FE  1               ;********************************************************************
0095FE  1               .ENDIF
0095FE  1               
0095FE  1               
0095FE  1               exec  = start_asm
0095FE  1               start_asm:
0095FE  1               	.include "slasher3c.inc"
0095FE  2               ;----------------------------------------------
0095FE  2               ; BASIC header
0095FE  2               ;----------------------------------------------
0095FE  2               
0095FE  2  00 96        	.word load
009600  2               load:
009600  2               main:
009600  2               
009600  2               ; Colors as nybbles
009600  2               
009600  2               ; Colors as nybbles
009600  2               
009600  2  03 03 03 03  	.byte $3,$3,$3,$3,$3,$2,$7,$7,$7,$7,$2,$2,$2,$3,$3,$3,$3,$3,$3,$3,$3,$3,$3,$3,$3,$3,$2,$2,$2,$7,$7,$7,$2,$2
009604  2  03 02 07 07  
009608  2  07 07 02 02  
009622  2  02 02 02 02  	.byte $2,$2,$2,$2,$2,$2,$2,$2,$2,$2,$3,$3,$3,$2,$2,$2,$2,$7,$7,$7,$2,$2,$2,$2,$2,$2,$2,$2,$2,$2,$2,$2,$2,$2
009626  2  02 02 02 02  
00962A  2  02 02 03 03  
009644  2  02 02 02 02  	.byte $2,$2,$2,$2,$2,$2,$7,$7,$2,$2,$2,$2,$2,$2,$2,$2,$2,$2,$2,$2,$2,$2,$2,$6,$5,$6,$6,$6,$6,$6,$6,$6,$6,$6
009648  2  02 02 07 07  
00964C  2  02 02 02 02  
009666  2  07 07 02 03  	.byte $7,$7,$2,$3,$3,$3,$3,$3,$2,$6,$6,$6,$5,$6,$6,$6,$6,$6,$6,$6,$6,$6,$2,$7,$7,$3,$3,$3,$3,$3,$2,$6,$6,$6
00966A  2  03 03 03 03  
00966E  2  02 06 06 06  
009688  2  06 06 06 06  	.byte $6,$6,$6,$6,$6,$6,$6,$6,$6,$2,$2,$2,$7,$7,$3,$3,$3,$3,$2,$6,$6,$6,$6,$6,$6,$6,$6,$6,$7,$7,$7,$2,$2,$2
00968C  2  06 06 06 06  
009690  2  06 02 02 02  
0096AA  2  07 07 07 03  	.byte $7,$7,$7,$3,$3,$3,$2,$2,$2,$2,$6,$6,$2,$2,$2,$2,$2,$2,$2,$2,$2,$2,$7,$7,$7,$7,$7,$3,$2,$2,$2,$2,$2,$0
0096AE  2  03 03 02 02  
0096B2  2  02 02 06 06  
0096CC  2  02 00 00 00  	.byte $2,$0,$0,$0,$2,$2,$2,$2,$2,$2,$2,$7,$7,$7,$7,$7,$2,$2,$2,$2,$6,$0,$0,$0,$0,$0,$0,$6,$6,$6,$6,$2,$2,$2
0096D0  2  02 02 02 02  
0096D4  2  02 02 02 07  
0096EE  2  02 02 07 07  	.byte $2,$2,$7,$7
0096F2  2               
0096F2  2               
0096F2  1               eind_asm:
0096F2  1               
