ca65 V2.13.3 - (C) Copyright 1998-2012 Ullrich von Bassewitz
Main file   : testcolour1c.asm
Current file: testcolour1c.asm

000000r 1               ;----------------------------------------------
000000r 1               ;Tents puzzle game
000000r 1               ; Atom version by Kees van Oss  2023
000000r 1               ;----------------------------------------------
000000r 1               	.DEFINE asm_code $9600-2
000000r 1               	.DEFINE header   0		; Header Wouter Ras emulator
000000r 1               	.DEFINE filenaam "TENTS"
000000r 1               
000000r 1               .org asm_code-22*header
0095FE  1               
0095FE  1               .IF header
0095FE  1               ;********************************************************************
0095FE  1               ; ATM Header for Atom emulator Wouter Ras
0095FE  1               
0095FE  1               name_start:
0095FE  1               	.byte filenaam			; Filename
0095FE  1               name_end:
0095FE  1               	.repeat 16-name_end+name_start	; Fill with 0 till 16 chars
0095FE  1               	  .byte $0
0095FE  1               	.endrep
0095FE  1               
0095FE  1               	.word asm_code			; 2 bytes startaddress
0095FE  1               	.word exec			; 2 bytes linkaddress
0095FE  1               	.word eind_asm-start_asm	; 2 bytes filelength
0095FE  1               
0095FE  1               ;********************************************************************
0095FE  1               .ENDIF
0095FE  1               
0095FE  1               
0095FE  1               exec  = start_asm
0095FE  1               start_asm:
0095FE  1               	.include "testcolour1c.inc"
0095FE  2               ;----------------------------------------------
0095FE  2               ; BASIC header
0095FE  2               ;----------------------------------------------
0095FE  2               
0095FE  2  00 96        	.word load
009600  2               load:
009600  2               main:
009600  2               
009600  2               ; Colors as nybbles
009600  2               
009600  2               ; Colors as nybbles
009600  2               
009600  2  08 09 0A 0B  	.byte $8,$9,$a,$b,$c,$e,$f,$8,$9,$a,$b,$c,$e,$f,$8,$9,$a,$b,$c,$e,$f,$8,$9,$a,$b,$c,$e,$f,$8,$9,$a,$b,$c,$e
009604  2  0C 0E 0F 08  
009608  2  09 0A 0B 0C  
009622  2  08 09 0A 0B  	.byte $8,$9,$a,$b,$c,$e,$f,$8,$9,$a,$b,$c,$e,$f,$8,$9,$a,$b,$c,$e,$f,$8,$9,$a,$b,$c,$e,$f,$8,$9,$a,$b,$c,$e
009626  2  0C 0E 0F 08  
00962A  2  09 0A 0B 0C  
009644  2  08 09 0A 0B  	.byte $8,$9,$a,$b,$c,$e,$f,$8,$9,$a,$b,$c,$e,$f,$8,$9,$a,$b,$c,$e,$f,$8,$9,$a,$b,$c,$e,$f,$8,$9,$a,$b,$c,$e
009648  2  0C 0E 0F 08  
00964C  2  09 0A 0B 0C  
009666  2  08 09 0A 0B  	.byte $8,$9,$a,$b,$c,$e,$f,$8,$9,$a,$b,$c,$e,$f,$8,$9,$a,$b,$c,$e,$f,$8,$9,$a,$b,$c,$e,$f,$8,$9,$a,$b,$c,$e
00966A  2  0C 0E 0F 08  
00966E  2  09 0A 0B 0C  
009688  2  08 09 0A 0B  	.byte $8,$9,$a,$b,$c,$e,$f,$8,$9,$a,$b,$c,$e,$f,$8,$9,$a,$b,$c,$e,$f,$8,$9,$a,$b,$c,$e,$f,$8,$9,$a,$b,$c,$e
00968C  2  0C 0E 0F 08  
009690  2  09 0A 0B 0C  
0096AA  2  08 09 0A 0B  	.byte $8,$9,$a,$b,$c,$e,$f,$8,$9,$a,$b,$c,$e,$f,$8,$9,$a,$b,$c,$e,$f,$8,$9,$a,$b,$c,$e,$f,$8,$9,$a,$b,$c,$e
0096AE  2  0C 0E 0F 08  
0096B2  2  09 0A 0B 0C  
0096CC  2  08 09 0A 0B  	.byte $8,$9,$a,$b,$c,$e,$f,$8,$9,$a,$b,$c,$e,$f,$8,$9,$a,$b,$c,$e,$f,$8,$9,$a,$b,$c,$e,$f,$8,$9,$a,$b,$c,$e
0096D0  2  0C 0E 0F 08  
0096D4  2  09 0A 0B 0C  
0096EE  2  08 09 0A 0B  	.byte $8,$9,$a,$b
0096F2  2               
0096F2  1               eind_asm:
0096F2  1               
